
BUILD FAILED
Target "junit" does not exist in the project "checkers". 

Total time: 0 seconds
